! Master feature
!feature@org.eclipse.photran.master=@photranTag@,:pserver:anonymous@dev.eclipse.org:/cvsroot/tools,,org.eclipse.ptp/photran/org.eclipse.photran.master

! Photran features
feature@org.eclipse.rephraserengine=@photranTag@,:pserver:anonymous@dev.eclipse.org:/cvsroot/tools,,org.eclipse.ptp/photran/org.eclipse.rephraserengine-feature
feature@org.eclipse.photran=@photranTag@,:pserver:anonymous@dev.eclipse.org:/cvsroot/tools,,org.eclipse.ptp/photran/org.eclipse.photran-feature
feature@org.eclipse.photran.xlf=@photranTag@,:pserver:anonymous@dev.eclipse.org:/cvsroot/tools,,org.eclipse.ptp/photran/org.eclipse.photran.xlf-feature
feature@org.eclipse.photran.intel=@photranTag@,:pserver:anonymous@dev.eclipse.org:/cvsroot/tools,,org.eclipse.ptp/photran/org.eclipse.photran.intel-feature

! Plugins
plugin@org.eclipse.rephraserengine.core=@photranTag@,:pserver:anonymous@dev.eclipse.org:/cvsroot/tools,,org.eclipse.ptp/photran/org.eclipse.rephraserengine.core
plugin@org.eclipse.rephraserengine.core.refactoring=@photranTag@,:pserver:anonymous@dev.eclipse.org:/cvsroot/tools,,org.eclipse.ptp/photran/org.eclipse.rephraserengine.core.refactoring
plugin@org.eclipse.rephraserengine.core.vpg=@photranTag@,:pserver:anonymous@dev.eclipse.org:/cvsroot/tools,,org.eclipse.ptp/photran/org.eclipse.rephraserengine.core.vpg
plugin@org.eclipse.rephraserengine.doc.isv=@photranTag@,:pserver:anonymous@dev.eclipse.org:/cvsroot/tools,,org.eclipse.ptp/photran/org.eclipse.rephraserengine.doc.isv
plugin@org.eclipse.rephraserengine.ui=@photranTag@,:pserver:anonymous@dev.eclipse.org:/cvsroot/tools,,org.eclipse.ptp/photran/org.eclipse.rephraserengine.ui
plugin@org.eclipse.rephraserengine.ui.refactoring=@photranTag@,:pserver:anonymous@dev.eclipse.org:/cvsroot/tools,,org.eclipse.ptp/photran/org.eclipse.rephraserengine.ui.refactoring
plugin@org.eclipse.rephraserengine.ui.vpg=@photranTag@,:pserver:anonymous@dev.eclipse.org:/cvsroot/tools,,org.eclipse.ptp/photran/org.eclipse.rephraserengine.ui.vpg
plugin@org.eclipse.photran.core=@photranTag@,:pserver:anonymous@dev.eclipse.org:/cvsroot/tools,,org.eclipse.ptp/photran/org.eclipse.photran.core
plugin@org.eclipse.photran.managedbuilder.core=@photranTag@,:pserver:anonymous@dev.eclipse.org:/cvsroot/tools,,org.eclipse.ptp/photran/org.eclipse.photran.managedbuilder.core
plugin@org.eclipse.photran.managedbuilder.ui=@photranTag@,:pserver:anonymous@dev.eclipse.org:/cvsroot/tools,,org.eclipse.ptp/photran/org.eclipse.photran.managedbuilder.ui
plugin@org.eclipse.photran.cdtinterface=@photranTag@,:pserver:anonymous@dev.eclipse.org:/cvsroot/tools,,org.eclipse.ptp/photran/org.eclipse.photran.cdtinterface
plugin@org.eclipse.photran.ui=@photranTag@,:pserver:anonymous@dev.eclipse.org:/cvsroot/tools,,org.eclipse.ptp/photran/org.eclipse.photran.ui
plugin@org.eclipse.photran.managedbuilder.gnu.ui=@photranTag@,:pserver:anonymous@dev.eclipse.org:/cvsroot/tools,,org.eclipse.ptp/photran/org.eclipse.photran.managedbuilder.gnu.ui
plugin@org.eclipse.photran.cdtinterface.vpg=@photranTag@,:pserver:anonymous@dev.eclipse.org:/cvsroot/tools,,org.eclipse.ptp/photran/org.eclipse.photran.cdtinterface.vpg
plugin@org.eclipse.photran.core.vpg=@photranTag@,:pserver:anonymous@dev.eclipse.org:/cvsroot/tools,,org.eclipse.ptp/photran/org.eclipse.photran.core.vpg
plugin@org.eclipse.photran.ui.vpg=@photranTag@,:pserver:anonymous@dev.eclipse.org:/cvsroot/tools,,org.eclipse.ptp/photran/org.eclipse.photran.ui.vpg
plugin@org.eclipse.photran.managedbuilder.intel.ui=@photranTag@,:pserver:anonymous@dev.eclipse.org:/cvsroot/tools,,org.eclipse.ptp/photran/org.eclipse.photran.managedbuilder.intel.ui
plugin@org.eclipse.photran.core.intel=@photranTag@,:pserver:anonymous@dev.eclipse.org:/cvsroot/tools,,org.eclipse.ptp/photran/org.eclipse.photran.core.intel
plugin@org.eclipse.photran.errorparsers.xlf=@photranTag@,:pserver:anonymous@dev.eclipse.org:/cvsroot/tools,,org.eclipse.ptp/photran/org.eclipse.photran.errorparsers.xlf
plugin@org.eclipse.photran.managedbuilder.xlf.ui=@photranTag@,:pserver:anonymous@dev.eclipse.org:/cvsroot/tools,,org.eclipse.ptp/photran/org.eclipse.photran.managedbuilder.xlf.ui

! Tests

