! The master
feature@org.eclipse.ptp.master=@ptpTag@,:pserver:anonymous@dev.eclipse.org:/cvsroot/tools,,org.eclipse.ptp/releng/org.eclipse.ptp.master

! PTP features
feature@org.eclipse.ptp=@ptpTag@,:pserver:anonymous@dev.eclipse.org:/cvsroot/tools,,org.eclipse.ptp/releng/org.eclipse.ptp-feature
feature@org.eclipse.ptp.utils=@ptpTag@,:pserver:anonymous@dev.eclipse.org:/cvsroot/tools,,org.eclipse.ptp/releng/org.eclipse.ptp.utils-feature
feature@org.eclipse.ptp.core=@ptpTag@,:pserver:anonymous@dev.eclipse.org:/cvsroot/tools,,org.eclipse.ptp/releng/org.eclipse.ptp.core-feature
feature@org.eclipse.ptp.remote=@ptpTag@,:pserver:anonymous@dev.eclipse.org:/cvsroot/tools,,org.eclipse.ptp/releng/org.eclipse.ptp.remote-feature
feature@org.eclipse.ptp.remote.remotetools=@ptpTag@,:pserver:anonymous@dev.eclipse.org:/cvsroot/tools,,org.eclipse.ptp/releng/org.eclipse.ptp.remote.remotetools-feature
feature@org.eclipse.ptp.remote.rse=@ptpTag@,:pserver:anonymous@dev.eclipse.org:/cvsroot/tools,,org.eclipse.ptp/releng/org.eclipse.ptp.remote.rse-feature
feature@org.eclipse.ptp.remotetools=@ptpTag@,:pserver:anonymous@dev.eclipse.org:/cvsroot/tools,,org.eclipse.ptp/releng/org.eclipse.ptp.remotetools-feature
feature@org.eclipse.ptp.rm.ibm.ll=@ptpTag@,:pserver:anonymous@dev.eclipse.org:/cvsroot/tools,,org.eclipse.ptp/releng/org.eclipse.ptp.rm.ibm.ll-feature
feature@org.eclipse.ptp.rm.ibm.pe=@ptpTag@,:pserver:anonymous@dev.eclipse.org:/cvsroot/tools,,org.eclipse.ptp/releng/org.eclipse.ptp.rm.ibm.pe-feature
feature@org.eclipse.ptp.rm.mpich2=@ptpTag@,:pserver:anonymous@dev.eclipse.org:/cvsroot/tools,,org.eclipse.ptp/releng/org.eclipse.ptp.rm.mpich2-feature
feature@org.eclipse.ptp.rm.openmpi=@ptpTag@,:pserver:anonymous@dev.eclipse.org:/cvsroot/tools,,org.eclipse.ptp/releng/org.eclipse.ptp.rm.openmpi-feature
feature@org.eclipse.ptp.rm.pbs=@ptpTag@,:pserver:anonymous@dev.eclipse.org:/cvsroot/tools,,org.eclipse.ptp/releng/org.eclipse.ptp.rm.pbs-feature
feature@org.eclipse.ptp.rm.slurm=@ptpTag@,:pserver:anonymous@dev.eclipse.org:/cvsroot/tools,,org.eclipse.ptp/releng/org.eclipse.ptp.rm.slurm-feature
feature@org.eclipse.ptp.external=@ptpTag@,:pserver:anonymous@dev.eclipse.org:/cvsroot/tools,,org.eclipse.ptp/releng/org.eclipse.ptp.external-feature
feature@org.eclipse.ptp.debug.sdm=@ptpTag@,:pserver:anonymous@dev.eclipse.org:/cvsroot/tools,,org.eclipse.ptp/releng/org.eclipse.ptp.sdm-feature
feature@org.eclipse.ptp.services=@ptpTag@,:pserver:anonymous@dev.eclipse.org:/cvsroot/tools,,org.eclipse.ptp/releng/org.eclipse.ptp.services-feature
feature@org.eclipse.ptp.isp=@ptpTag@,:pserver:anonymous@dev.eclipse.org:/cvsroot/tools,,org.eclipse.ptp/releng/org.eclipse.ptp.isp-feature

! PLDT features
feature@org.eclipse.ptp.pldt=@ptpTag@,:pserver:anonymous@dev.eclipse.org:/cvsroot/tools,,org.eclipse.ptp/releng/org.eclipse.ptp.pldt-feature
feature@org.eclipse.ptp.pldt.lapi=@ptpTag@,:pserver:anonymous@dev.eclipse.org:/cvsroot/tools,,org.eclipse.ptp/releng/org.eclipse.ptp.pldt.lapi-feature
feature@org.eclipse.ptp.pldt.upc=@ptpTag@,:pserver:anonymous@dev.eclipse.org:/cvsroot/tools,,org.eclipse.ptp/releng/org.eclipse.ptp.pldt.upc-feature

! ETFw (formerly PERF) features
feature@org.eclipse.ptp.etfw=@ptpTag@,:pserver:anonymous@dev.eclipse.org:/cvsroot/tools,,org.eclipse.ptp/releng/org.eclipse.ptp.etfw-feature
feature@org.eclipse.ptp.etfw.tau=@ptpTag@,:pserver:anonymous@dev.eclipse.org:/cvsroot/tools,,org.eclipse.ptp/releng/org.eclipse.ptp.etfw.tau-feature
feature@org.eclipse.ptp.etfw.tau.fortran=@ptpTag@,:pserver:anonymous@dev.eclipse.org:/cvsroot/tools,,org.eclipse.ptp/releng/org.eclipse.ptp.etfw.tau.fortran-feature

! RDT features
feature@org.eclipse.ptp.rdt=@ptpTag@,:pserver:anonymous@dev.eclipse.org:/cvsroot/tools,,org.eclipse.ptp/releng/org.eclipse.ptp.rdt-feature
feature@org.eclipse.ptp.rdt.xlc=@ptpTag@,:pserver:anonymous@dev.eclipse.org:/cvsroot/tools,,org.eclipse.ptp/releng/org.eclipse.ptp.rdt.xlc-feature

! PTP Plugins
plugin@org.eclipse.ptp=@ptpTag@,:pserver:anonymous@dev.eclipse.org:/cvsroot/tools,,org.eclipse.ptp/releng/org.eclipse.ptp
plugin@org.eclipse.ptp.core=@ptpTag@,:pserver:anonymous@dev.eclipse.org:/cvsroot/tools,,org.eclipse.ptp/core/org.eclipse.ptp.core
plugin@org.eclipse.ptp.utils.core=@ptpTag@,:pserver:anonymous@dev.eclipse.org:/cvsroot/tools,,org.eclipse.ptp/core/org.eclipse.ptp.utils.core
plugin@org.eclipse.ptp.utils.ui=@ptpTag@,:pserver:anonymous@dev.eclipse.org:/cvsroot/tools,,org.eclipse.ptp/core/org.eclipse.ptp.utils.ui
plugin@org.eclipse.ptp.proxy.protocol=@ptpTag@,:pserver:anonymous@dev.eclipse.org:/cvsroot/tools,,org.eclipse.ptp/core/org.eclipse.ptp.proxy.protocol
plugin@org.eclipse.ptp.remote.core=@ptpTag@,:pserver:anonymous@dev.eclipse.org:/cvsroot/tools,,org.eclipse.ptp/core/org.eclipse.ptp.remote.core
plugin@org.eclipse.ptp.remote.remotetools.core=@ptpTag@,:pserver:anonymous@dev.eclipse.org:/cvsroot/tools,,org.eclipse.ptp/core/org.eclipse.ptp.remote.remotetools.core
plugin@org.eclipse.ptp.remote.remotetools.ui=@ptpTag@,:pserver:anonymous@dev.eclipse.org:/cvsroot/tools,,org.eclipse.ptp/core/org.eclipse.ptp.remote.remotetools.ui
plugin@org.eclipse.ptp.remote.rse.core=@ptpTag@,:pserver:anonymous@dev.eclipse.org:/cvsroot/tools,,org.eclipse.ptp/core/org.eclipse.ptp.remote.rse.core
plugin@org.eclipse.ptp.remote.rse.ui=@ptpTag@,:pserver:anonymous@dev.eclipse.org:/cvsroot/tools,,org.eclipse.ptp/core/org.eclipse.ptp.remote.rse.ui
plugin@org.eclipse.ptp.remote.ui=@ptpTag@,:pserver:anonymous@dev.eclipse.org:/cvsroot/tools,,org.eclipse.ptp/core/org.eclipse.ptp.remote.ui
plugin@org.eclipse.ptp.rm.core=@ptpTag@,:pserver:anonymous@dev.eclipse.org:/cvsroot/tools,,org.eclipse.ptp/rms/org.eclipse.ptp.rm.core
plugin@org.eclipse.ptp.rm.ibm.ll.core=@ptpTag@,:pserver:anonymous@dev.eclipse.org:/cvsroot/tools,,org.eclipse.ptp/rms/org.eclipse.ptp.rm.ibm.ll.core
plugin@org.eclipse.ptp.rm.ibm.ll.help=@ptpTag@,:pserver:anonymous@dev.eclipse.org:/cvsroot/tools,,org.eclipse.ptp/rms/org.eclipse.ptp.rm.ibm.ll.help
plugin@org.eclipse.ptp.rm.ibm.ll.proxy=@ptpTag@,:pserver:anonymous@dev.eclipse.org:/cvsroot/tools,,org.eclipse.ptp/rms/org.eclipse.ptp.rm.ibm.ll.proxy
plugin@org.eclipse.ptp.rm.ibm.ll.ui=@ptpTag@,:pserver:anonymous@dev.eclipse.org:/cvsroot/tools,,org.eclipse.ptp/rms/org.eclipse.ptp.rm.ibm.ll.ui
plugin@org.eclipse.ptp.rm.ibm.pe.core=@ptpTag@,:pserver:anonymous@dev.eclipse.org:/cvsroot/tools,,org.eclipse.ptp/rms/org.eclipse.ptp.rm.ibm.pe.core
plugin@org.eclipse.ptp.rm.ibm.pe.help=@ptpTag@,:pserver:anonymous@dev.eclipse.org:/cvsroot/tools,,org.eclipse.ptp/rms/org.eclipse.ptp.rm.ibm.pe.help
plugin@org.eclipse.ptp.rm.ibm.pe.proxy=@ptpTag@,:pserver:anonymous@dev.eclipse.org:/cvsroot/tools,,org.eclipse.ptp/rms/org.eclipse.ptp.rm.ibm.pe.proxy
plugin@org.eclipse.ptp.rm.ibm.pe.ui=@ptpTag@,:pserver:anonymous@dev.eclipse.org:/cvsroot/tools,,org.eclipse.ptp/rms/org.eclipse.ptp.rm.ibm.pe.ui
plugin@org.eclipse.ptp.rm.mpi.mpich2.core=@ptpTag@,:pserver:anonymous@dev.eclipse.org:/cvsroot/tools,,org.eclipse.ptp/rms/org.eclipse.ptp.rm.mpi.mpich2.core
plugin@org.eclipse.ptp.rm.mpi.mpich2.ui=@ptpTag@,:pserver:anonymous@dev.eclipse.org:/cvsroot/tools,,org.eclipse.ptp/rms/org.eclipse.ptp.rm.mpi.mpich2.ui
plugin@org.eclipse.ptp.rm.mpi.openmpi.core=@ptpTag@,:pserver:anonymous@dev.eclipse.org:/cvsroot/tools,,org.eclipse.ptp/rms/org.eclipse.ptp.rm.mpi.openmpi.core
plugin@org.eclipse.ptp.rm.mpi.openmpi.ui=@ptpTag@,:pserver:anonymous@dev.eclipse.org:/cvsroot/tools,,org.eclipse.ptp/rms/org.eclipse.ptp.rm.mpi.openmpi.ui
plugin@org.eclipse.ptp.rm.pbs.core=@ptpTag@,:pserver:anonymous@dev.eclipse.org:/cvsroot/tools,,org.eclipse.ptp/rms/org.eclipse.ptp.rm.pbs.core
plugin@org.eclipse.ptp.rm.pbs.proxy=@ptpTag@,:pserver:anonymous@dev.eclipse.org:/cvsroot/tools,,org.eclipse.ptp/rms/org.eclipse.ptp.rm.pbs.proxy
plugin@org.eclipse.ptp.rm.pbs.ui=@ptpTag@,:pserver:anonymous@dev.eclipse.org:/cvsroot/tools,,org.eclipse.ptp/rms/org.eclipse.ptp.rm.pbs.ui
plugin@org.eclipse.ptp.rm.slurm.core=@ptpTag@,:pserver:anonymous@dev.eclipse.org:/cvsroot/tools,,org.eclipse.ptp/rms/org.eclipse.ptp.rm.slurm.core
plugin@org.eclipse.ptp.rm.slurm.proxy=@ptpTag@,:pserver:anonymous@dev.eclipse.org:/cvsroot/tools,,org.eclipse.ptp/rms/org.eclipse.ptp.rm.slurm.proxy
plugin@org.eclipse.ptp.rm.slurm.ui=@ptpTag@,:pserver:anonymous@dev.eclipse.org:/cvsroot/tools,,org.eclipse.ptp/rms/org.eclipse.ptp.rm.slurm.ui
plugin@org.eclipse.ptp.rm.ui=@ptpTag@,:pserver:anonymous@dev.eclipse.org:/cvsroot/tools,,org.eclipse.ptp/rms/org.eclipse.ptp.rm.ui
plugin@org.eclipse.ptp.ui=@ptpTag@,:pserver:anonymous@dev.eclipse.org:/cvsroot/tools,,org.eclipse.ptp/core/org.eclipse.ptp.ui
plugin@org.eclipse.ptp.debug.core=@ptpTag@,:pserver:anonymous@dev.eclipse.org:/cvsroot/tools,,org.eclipse.ptp/debug/org.eclipse.ptp.debug.core
plugin@org.eclipse.ptp.debug.sdm=@ptpTag@,:pserver:anonymous@dev.eclipse.org:/cvsroot/tools,,org.eclipse.ptp/debug/org.eclipse.ptp.debug.sdm
plugin@org.eclipse.ptp.debug.sdm.core=@ptpTag@,:pserver:anonymous@dev.eclipse.org:/cvsroot/tools,,org.eclipse.ptp/debug/org.eclipse.ptp.debug.sdm.core
plugin@org.eclipse.ptp.debug.sdm.ui=@ptpTag@,:pserver:anonymous@dev.eclipse.org:/cvsroot/tools,,org.eclipse.ptp/debug/org.eclipse.ptp.debug.sdm.ui
plugin@org.eclipse.ptp.debug.ui=@ptpTag@,:pserver:anonymous@dev.eclipse.org:/cvsroot/tools,,org.eclipse.ptp/debug/org.eclipse.ptp.debug.ui
plugin@org.eclipse.ptp.debug.sdm=@ptpTag@,:pserver:anonymous@dev.eclipse.org:/cvsroot/tools,,org.eclipse.ptp/debug/org.eclipse.ptp.debug.sdm
plugin@org.eclipse.ptp.proxy=@ptpTag@,:pserver:anonymous@dev.eclipse.org:/cvsroot/tools,,org.eclipse.ptp/core/org.eclipse.ptp.proxy
plugin@org.eclipse.ptp.utils=@ptpTag@,:pserver:anonymous@dev.eclipse.org:/cvsroot/tools,,org.eclipse.ptp/core/org.eclipse.ptp.utils
plugin@org.eclipse.ptp.launch=@ptpTag@,:pserver:anonymous@dev.eclipse.org:/cvsroot/tools,,org.eclipse.ptp/core/org.eclipse.ptp.launch
plugin@org.eclipse.ptp.help=@ptpTag@,:pserver:anonymous@dev.eclipse.org:/cvsroot/tools,,org.eclipse.ptp/doc/org.eclipse.ptp.help

! Services Plugins
plugin@org.eclipse.ptp.services.core=@ptpTag@,:pserver:anonymous@dev.eclipse.org:/cvsroot/tools,,org.eclipse.ptp/core/org.eclipse.ptp.services.core
plugin@org.eclipse.ptp.services.ui=@ptpTag@,:pserver:anonymous@dev.eclipse.org:/cvsroot/tools,,org.eclipse.ptp/core/org.eclipse.ptp.services.ui

! Remote Tools Plugins
plugin@org.eclipse.ptp.remotetools.core=@ptpTag@,:pserver:anonymous@dev.eclipse.org:/cvsroot/tools,,org.eclipse.ptp/tools/org.eclipse.ptp.remotetools.core
plugin@org.eclipse.ptp.remotetools.environment.core=@ptpTag@,:pserver:anonymous@dev.eclipse.org:/cvsroot/tools,,org.eclipse.ptp/tools/org.eclipse.ptp.remotetools.environment.core
plugin@org.eclipse.ptp.remotetools.environment.generichost=@ptpTag@,:pserver:anonymous@dev.eclipse.org:/cvsroot/tools,,org.eclipse.ptp/tools/org.eclipse.ptp.remotetools.environment.generichost
plugin@org.eclipse.ptp.remotetools.environment.launcher=@ptpTag@,:pserver:anonymous@dev.eclipse.org:/cvsroot/tools,,org.eclipse.ptp/tools/org.eclipse.ptp.remotetools.environment.launcher
plugin@org.eclipse.ptp.remotetools.environment.ui=@ptpTag@,:pserver:anonymous@dev.eclipse.org:/cvsroot/tools,,org.eclipse.ptp/tools/org.eclipse.ptp.remotetools.environment.ui
plugin@org.eclipse.ptp.remotetools.preferences=@ptpTag@,:pserver:anonymous@dev.eclipse.org:/cvsroot/tools,,org.eclipse.ptp/tools/org.eclipse.ptp.remotetools.preferences
plugin@org.eclipse.ptp.remotetools.utils=@ptpTag@,:pserver:anonymous@dev.eclipse.org:/cvsroot/tools,,org.eclipse.ptp/tools/org.eclipse.ptp.remotetools.utils

! PLDT Plugins
plugin@org.eclipse.ptp.pldt.common=@ptpTag@,:pserver:anonymous@dev.eclipse.org:/cvsroot/tools,,org.eclipse.ptp/tools/org.eclipse.ptp.pldt.common
plugin@org.eclipse.ptp.pldt.help=@ptpTag@,:pserver:anonymous@dev.eclipse.org:/cvsroot/tools,,org.eclipse.ptp/tools/org.eclipse.ptp.pldt.help
plugin@org.eclipse.ptp.pldt.lapi=@ptpTag@,:pserver:anonymous@dev.eclipse.org:/cvsroot/tools,,org.eclipse.ptp/tools/org.eclipse.ptp.pldt.lapi
plugin@org.eclipse.ptp.pldt.mpi.analysis=@ptpTag@,:pserver:anonymous@dev.eclipse.org:/cvsroot/tools,,org.eclipse.ptp/tools/org.eclipse.ptp.pldt.mpi.analysis
plugin@org.eclipse.ptp.pldt.mpi.analysis.cdt=@ptpTag@,:pserver:anonymous@dev.eclipse.org:/cvsroot/tools,,org.eclipse.ptp/tools/org.eclipse.ptp.pldt.mpi.analysis.cdt
plugin@org.eclipse.ptp.pldt.mpi.core=@ptpTag@,:pserver:anonymous@dev.eclipse.org:/cvsroot/tools,,org.eclipse.ptp/tools/org.eclipse.ptp.pldt.mpi.core
plugin@org.eclipse.ptp.pldt.openmp.analysis=@ptpTag@,:pserver:anonymous@dev.eclipse.org:/cvsroot/tools,,org.eclipse.ptp/tools/org.eclipse.ptp.pldt.openmp.analysis
plugin@org.eclipse.ptp.pldt.openmp.core=@ptpTag@,:pserver:anonymous@dev.eclipse.org:/cvsroot/tools,,org.eclipse.ptp/tools/org.eclipse.ptp.pldt.openmp.core
plugin@org.eclipse.ptp.pldt.openmp.ui.pv=@ptpTag@,:pserver:anonymous@dev.eclipse.org:/cvsroot/tools,,org.eclipse.ptp/tools/org.eclipse.ptp.pldt.openmp.ui.pv
plugin@org.eclipse.ptp.pldt.upc=@ptpTag@,:pserver:anonymous@dev.eclipse.org:/cvsroot/tools,,org.eclipse.ptp/tools/org.eclipse.ptp.pldt.upc
plugin@org.eclipse.ptp.pldt.wizards=@ptpTag@,:pserver:anonymous@dev.eclipse.org:/cvsroot/tools,,org.eclipse.ptp/tools/org.eclipse.ptp.pldt.wizards

! ETF Plugins
plugin@org.eclipse.ptp.etfw=@ptpTag@,:pserver:anonymous@dev.eclipse.org:/cvsroot/tools,,org.eclipse.ptp/tools/etfw/org.eclipse.ptp.etfw
plugin@org.eclipse.ptp.etfw.tau=@ptpTag@,:pserver:anonymous@dev.eclipse.org:/cvsroot/tools,,org.eclipse.ptp/tools/etfw/org.eclipse.ptp.etfw.tau
plugin@org.eclipse.ptp.etfw.tau.jars=@ptpTag@,:pserver:anonymous@dev.eclipse.org:/cvsroot/tools,,org.eclipse.ptp/tools/etfw/org.eclipse.ptp.etfw.tau.jars
plugin@org.eclipse.ptp.etfw.tau.papiselect=@ptpTag@,:pserver:anonymous@dev.eclipse.org:/cvsroot/tools,,org.eclipse.ptp/tools/etfw/org.eclipse.ptp.etfw.tau.papiselect
plugin@org.eclipse.ptp.etfw.tau.perfdmf=@ptpTag@,:pserver:anonymous@dev.eclipse.org:/cvsroot/tools,,org.eclipse.ptp/tools/etfw/org.eclipse.ptp.etfw.tau.perfdmf
plugin@org.eclipse.ptp.etfw.tau.selinst=@ptpTag@,:pserver:anonymous@dev.eclipse.org:/cvsroot/tools,,org.eclipse.ptp/tools/etfw/org.eclipse.ptp.etfw.tau.selinst
plugin@org.eclipse.ptp.etfw.tau.selinstfort=@ptpTag@,:pserver:anonymous@dev.eclipse.org:/cvsroot/tools,,org.eclipse.ptp/tools/etfw/org.eclipse.ptp.etfw.tau.selinstfort
plugin@org.eclipse.ptp.etfw.toolopts=@ptpTag@,:pserver:anonymous@dev.eclipse.org:/cvsroot/tools,,org.eclipse.ptp/tools/etfw/org.eclipse.ptp.etfw.toolopts
plugin@org.eclipse.ptp.etfw.feedback=@ptpTag@,:pserver:anonymous@dev.eclipse.org:/cvsroot/tools,,org.eclipse.ptp/tools/etfw/org.eclipse.ptp.etfw.feedback

! RDT Plugins
plugin@org.eclipse.ptp.rdt.core=@ptpTag@,:pserver:anonymous@dev.eclipse.org:/cvsroot/tools,,org.eclipse.ptp/rdt/org.eclipse.ptp.rdt.core
plugin@org.eclipse.ptp.rdt.ui=@ptpTag@,:pserver:anonymous@dev.eclipse.org:/cvsroot/tools,,org.eclipse.ptp/rdt/org.eclipse.ptp.rdt.ui
plugin@org.eclipse.ptp.rdt.services=@ptpTag@,:pserver:anonymous@dev.eclipse.org:/cvsroot/tools,,org.eclipse.ptp/rdt/org.eclipse.ptp.rdt.services
plugin@org.eclipse.ptp.rdt.doc.user=@ptpTag@,:pserver:anonymous@dev.eclipse.org:/cvsroot/tools,,org.eclipse.ptp/rdt/org.eclipse.ptp.rdt.doc.user
plugin@org.eclipse.ptp.rdt.managedbuilder.xlc.ui=@ptpTag@,:pserver:anonymous@dev.eclipse.org:/cvsroot/tools,,org.eclipse.ptp/rdt/org.eclipse.ptp.rdt.managedbuilder.xlc.ui
plugin@org.eclipse.ptp.rdt.xlc=@ptpTag@,:pserver:anonymous@dev.eclipse.org:/cvsroot/tools,,org.eclipse.ptp/rdt/org.eclipse.ptp.rdt.xlc
plugin@org.eclipse.ptp.rdt.make.ui=@ptpTag@,:pserver:anonymous@dev.eclipse.org:/cvsroot/tools,,org.eclipse.ptp/rdt/org.eclipse.ptp.rdt.make.ui


! ISP Plugins
plugin@org.eclipse.ptp.isp=@ptpTag@,:pserver:anonymous@dev.eclipse.org:/cvsroot/tools,,org.eclipse.ptp/tools/isp/org.eclipse.ptp.isp
plugin@org.eclipse.ptp.isp.help=@ptpTag@,:pserver:anonymous@dev.eclipse.org:/cvsroot/tools,,org.eclipse.ptp/tools/isp/org.eclipse.ptp.isp.help

! Fragments
fragment@org.eclipse.ptp.aix.ppc=@ptpTag@,:pserver:anonymous@dev.eclipse.org:/cvsroot/tools,,org.eclipse.ptp/releng/org.eclipse.ptp.aix.ppc
fragment@org.eclipse.ptp.linux.ppc=@ptpTag@,:pserver:anonymous@dev.eclipse.org:/cvsroot/tools,,org.eclipse.ptp/releng/org.eclipse.ptp.linux.ppc
fragment@org.eclipse.ptp.linux.x86=@ptpTag@,:pserver:anonymous@dev.eclipse.org:/cvsroot/tools,,org.eclipse.ptp/releng/org.eclipse.ptp.linux.x86
fragment@org.eclipse.ptp.linux.x86_64=@ptpTag@,:pserver:anonymous@dev.eclipse.org:/cvsroot/tools,,org.eclipse.ptp/releng/org.eclipse.ptp.linux.x86_64
fragment@org.eclipse.ptp.macosx.ppc=@ptpTag@,:pserver:anonymous@dev.eclipse.org:/cvsroot/tools,,org.eclipse.ptp/releng/org.eclipse.ptp.macosx.ppc
fragment@org.eclipse.ptp.macosx.x86=@ptpTag@,:pserver:anonymous@dev.eclipse.org:/cvsroot/tools,,org.eclipse.ptp/releng/org.eclipse.ptp.macosx.x86
fragment@org.eclipse.ptp.etfw.parallel=@ptpTag@,:pserver:anonymous@dev.eclipse.org:/cvsroot/tools,,org.eclipse.ptp/tools/etfw/org.eclipse.ptp.etfw.parallel

! Tests
plugin@org.eclipse.ptp.rdt.core.tests=@ptpTag@,:pserver:anonymous@dev.eclipse.org:/cvsroot/tools,,org.eclipse.ptp/rdt/org.eclipse.ptp.rdt.core.tests

