! The master
feature@org.eclipse.ptp.master=@ptpTag@,:pserver:anonymous@dev.eclipse.org:/cvsroot/tools,,org.eclipse.ptp/releng/org.eclipse.ptp.master

! PTP features
feature@org.eclipse.ptp.utils=@ptpTag@,:pserver:anonymous@dev.eclipse.org:/cvsroot/tools,,org.eclipse.ptp/releng/org.eclipse.ptp.utils-feature
feature@org.eclipse.ptp.core=@ptpTag@,:pserver:anonymous@dev.eclipse.org:/cvsroot/tools,,org.eclipse.ptp/releng/org.eclipse.ptp.core-feature
feature@org.eclipse.ptp.remote=@ptpTag@,:pserver:anonymous@dev.eclipse.org:/cvsroot/tools,,org.eclipse.ptp/releng/org.eclipse.ptp.remote-feature
feature@org.eclipse.ptp.remote.remotetools=@ptpTag@,:pserver:anonymous@dev.eclipse.org:/cvsroot/tools,,org.eclipse.ptp/releng/org.eclipse.ptp.remote.remotetools-feature
feature@org.eclipse.ptp.remote.rse=@ptpTag@,:pserver:anonymous@dev.eclipse.org:/cvsroot/tools,,org.eclipse.ptp/releng/org.eclipse.ptp.remote.rse-feature
feature@org.eclipse.ptp.remotetools=@ptpTag@,:pserver:anonymous@dev.eclipse.org:/cvsroot/tools,,org.eclipse.ptp/releng/org.eclipse.ptp.remotetools-feature
feature@org.eclipse.ptp.rm.ibm.ll=@ptpTag@,:pserver:anonymous@dev.eclipse.org:/cvsroot/tools,,org.eclipse.ptp/rms/org.eclipse.ptp.rm.ibm.ll-feature
feature@org.eclipse.ptp.rm.ibm.pe=@ptpTag@,:pserver:anonymous@dev.eclipse.org:/cvsroot/tools,,org.eclipse.ptp/rms/org.eclipse.ptp.rm.ibm.pe-feature
feature@org.eclipse.ptp.rm.openmpi=@ptpTag@,:pserver:anonymous@dev.eclipse.org:/cvsroot/tools,,org.eclipse.ptp/rms/org.eclipse.ptp.rm.openmpi-feature
feature@org.eclipse.ptp.external=@ptpTag@,:pserver:anonymous@dev.eclipse.org:/cvsroot/tools,,org.eclipse.ptp/releng/org.eclipse.ptp.external-feature
feature@org.eclipse.ptp.debug.sdm=@ptpTag@,:pserver:anonymous@dev.eclipse.org:/cvsroot/tools,,org.eclipse.ptp/releng/org.eclipse.ptp.sdm-feature
feature@org.eclipse.ptp.pldt=@ptpTag@,:pserver:anonymous@dev.eclipse.org:/cvsroot/tools,,org.eclipse.ptp/releng/org.eclipse.ptp.pldt-feature
feature@org.eclipse.ptp.pldt.lapi=@ptpTag@,:pserver:anonymous@dev.eclipse.org:/cvsroot/tools,,org.eclipse.ptp/releng/org.eclipse.ptp.pldt.lapi-feature
feature@org.eclipse.ptp.perf=@ptpTag@,:pserver:anonymous@dev.eclipse.org:/cvsroot/tools,,org.eclipse.ptp/releng/org.eclipse.ptp.perf-feature
feature@org.eclipse.ptp.perf.tau=@ptpTag@,:pserver:anonymous@dev.eclipse.org:/cvsroot/tools,,org.eclipse.ptp/releng/org.eclipse.ptp.perf.tau-feature
feature@org.eclipse.ptp.perf.tau.fortran=@ptpTag@,:pserver:anonymous@dev.eclipse.org:/cvsroot/tools,,org.eclipse.ptp/releng/org.eclipse.ptp.perf.tau.fortran-feature
feature@org.eclipse.ptp.rdt=@ptpTag@,:pserver:anonymous@dev.eclipse.org:/cvsroot/tools,,org.eclipse.ptp/releng/org.eclipse.ptp.rdt-feature

! Plugins
plugin@org.eclipse.ptp=@ptpTag@,:pserver:anonymous@dev.eclipse.org:/cvsroot/tools,,org.eclipse.ptp/releng/org.eclipse.ptp
plugin@org.eclipse.ptp.core=@ptpTag@,:pserver:anonymous@dev.eclipse.org:/cvsroot/tools,,org.eclipse.ptp/core/org.eclipse.ptp.core
plugin@org.eclipse.ptp.utils.core=@ptpTag@,:pserver:anonymous@dev.eclipse.org:/cvsroot/tools,,org.eclipse.ptp/core/org.eclipse.ptp.utils.core
plugin@org.eclipse.ptp.utils.ui=@ptpTag@,:pserver:anonymous@dev.eclipse.org:/cvsroot/tools,,org.eclipse.ptp/core/org.eclipse.ptp.utils.ui
plugin@org.eclipse.ptp.proxy.protocol=@ptpTag@,:pserver:anonymous@dev.eclipse.org:/cvsroot/tools,,org.eclipse.ptp/core/org.eclipse.ptp.proxy.protocol
plugin@org.eclipse.ptp.remote.core=@ptpTag@,:pserver:anonymous@dev.eclipse.org:/cvsroot/tools,,org.eclipse.ptp/core/org.eclipse.ptp.remote.core
plugin@org.eclipse.ptp.remote.remotetools.core=@ptpTag@,:pserver:anonymous@dev.eclipse.org:/cvsroot/tools,,org.eclipse.ptp/core/org.eclipse.ptp.remote.remotetools.core
plugin@org.eclipse.ptp.remote.remotetools.ui=@ptpTag@,:pserver:anonymous@dev.eclipse.org:/cvsroot/tools,,org.eclipse.ptp/core/org.eclipse.ptp.remote.remotetools.ui
plugin@org.eclipse.ptp.remote.rse.core=@ptpTag@,:pserver:anonymous@dev.eclipse.org:/cvsroot/tools,,org.eclipse.ptp/core/org.eclipse.ptp.remote.rse.core
plugin@org.eclipse.ptp.remote.rse.ui=@ptpTag@,:pserver:anonymous@dev.eclipse.org:/cvsroot/tools,,org.eclipse.ptp/core/org.eclipse.ptp.remote.rse.ui
plugin@org.eclipse.ptp.remote.ui=@ptpTag@,:pserver:anonymous@dev.eclipse.org:/cvsroot/tools,,org.eclipse.ptp/core/org.eclipse.ptp.remote.ui
plugin@org.eclipse.ptp.rm.core=@ptpTag@,:pserver:anonymous@dev.eclipse.org:/cvsroot/tools,,org.eclipse.ptp/rms/org.eclipse.ptp.rm.core
plugin@org.eclipse.ptp.rm.ibm.ll.core=@ptpTag@,:pserver:anonymous@dev.eclipse.org:/cvsroot/tools,,org.eclipse.ptp/rms/org.eclipse.ptp.rm.ibm.ll.core
plugin@org.eclipse.ptp.rm.ibm.ll.help=@ptpTag@,:pserver:anonymous@dev.eclipse.org:/cvsroot/tools,,org.eclipse.ptp/rms/org.eclipse.ptp.rm.ibm.ll.help
plugin@org.eclipse.ptp.rm.ibm.ll.proxy=@ptpTag@,:pserver:anonymous@dev.eclipse.org:/cvsroot/tools,,org.eclipse.ptp/rms/org.eclipse.ptp.rm.ibm.ll.proxy
plugin@org.eclipse.ptp.rm.ibm.ll.ui=@ptpTag@,:pserver:anonymous@dev.eclipse.org:/cvsroot/tools,,org.eclipse.ptp/rms/org.eclipse.ptp.rm.ibm.ll.ui
plugin@org.eclipse.ptp.rm.ibm.pe.core=@ptpTag@,:pserver:anonymous@dev.eclipse.org:/cvsroot/tools,,org.eclipse.ptp/rms/org.eclipse.ptp.rm.ibm.pe.core
plugin@org.eclipse.ptp.rm.ibm.pe.help=@ptpTag@,:pserver:anonymous@dev.eclipse.org:/cvsroot/tools,,org.eclipse.ptp/rms/org.eclipse.ptp.rm.ibm.pe.help
plugin@org.eclipse.ptp.rm.ibm.pe.proxy=@ptpTag@,:pserver:anonymous@dev.eclipse.org:/cvsroot/tools,,org.eclipse.ptp/rms/org.eclipse.ptp.rm.ibm.pe.proxy
plugin@org.eclipse.ptp.rm.ibm.pe.ui=@ptpTag@,:pserver:anonymous@dev.eclipse.org:/cvsroot/tools,,org.eclipse.ptp/rms/org.eclipse.ptp.rm.ibm.pe.ui
plugin@org.eclipse.ptp.rm.mpi.openmpi.core=@ptpTag@,:pserver:anonymous@dev.eclipse.org:/cvsroot/tools,,org.eclipse.ptp/rms/org.eclipse.ptp.rm.mpi.openmpi.core
plugin@org.eclipse.ptp.rm.mpi.openmpi.ui=@ptpTag@,:pserver:anonymous@dev.eclipse.org:/cvsroot/tools,,org.eclipse.ptp/rms/org.eclipse.ptp.rm.mpi.openmpi.ui
plugin@org.eclipse.ptp.rm.remote=@ptpTag@,:pserver:anonymous@dev.eclipse.org:/cvsroot/tools,,org.eclipse.ptp/core/org.eclipse.ptp.rm.remote
plugin@org.eclipse.ptp.rm.ui=@ptpTag@,:pserver:anonymous@dev.eclipse.org:/cvsroot/tools,,org.eclipse.ptp/rms/org.eclipse.ptp.rm.ui
plugin@org.eclipse.ptp.ui=@ptpTag@,:pserver:anonymous@dev.eclipse.org:/cvsroot/tools,,org.eclipse.ptp/core/org.eclipse.ptp.ui
plugin@org.eclipse.ptp.debug.core=@ptpTag@,:pserver:anonymous@dev.eclipse.org:/cvsroot/tools,,org.eclipse.ptp/debug/org.eclipse.ptp.debug.core
plugin@org.eclipse.ptp.debug.sdm=@ptpTag@,:pserver:anonymous@dev.eclipse.org:/cvsroot/tools,,org.eclipse.ptp/debug/org.eclipse.ptp.debug.sdm
plugin@org.eclipse.ptp.debug.sdm.core=@ptpTag@,:pserver:anonymous@dev.eclipse.org:/cvsroot/tools,,org.eclipse.ptp/debug/org.eclipse.ptp.debug.sdm.core
plugin@org.eclipse.ptp.debug.sdm.ui=@ptpTag@,:pserver:anonymous@dev.eclipse.org:/cvsroot/tools,,org.eclipse.ptp/debug/org.eclipse.ptp.debug.sdm.ui
plugin@org.eclipse.ptp.debug.ui=@ptpTag@,:pserver:anonymous@dev.eclipse.org:/cvsroot/tools,,org.eclipse.ptp/debug/org.eclipse.ptp.debug.ui
plugin@org.eclipse.ptp.debug.sdm=@ptpTag@,:pserver:anonymous@dev.eclipse.org:/cvsroot/tools,,org.eclipse.ptp/debug/org.eclipse.ptp.debug.sdm
plugin@org.eclipse.ptp.proxy=@ptpTag@,:pserver:anonymous@dev.eclipse.org:/cvsroot/tools,,org.eclipse.ptp/core/org.eclipse.ptp.proxy
plugin@org.eclipse.ptp.utils=@ptpTag@,:pserver:anonymous@dev.eclipse.org:/cvsroot/tools,,org.eclipse.ptp/core/org.eclipse.ptp.utils
plugin@org.eclipse.ptp.remotetools.core=@ptpTag@,:pserver:anonymous@dev.eclipse.org:/cvsroot/tools,,org.eclipse.ptp/tools/org.eclipse.ptp.remotetools.core
plugin@org.eclipse.ptp.remotetools.environment.core=@ptpTag@,:pserver:anonymous@dev.eclipse.org:/cvsroot/tools,,org.eclipse.ptp/tools/org.eclipse.ptp.remotetools.environment.core
plugin@org.eclipse.ptp.remotetools.environment.generichost=@ptpTag@,:pserver:anonymous@dev.eclipse.org:/cvsroot/tools,,org.eclipse.ptp/tools/org.eclipse.ptp.remotetools.environment.generichost
plugin@org.eclipse.ptp.remotetools.environment.launcher=@ptpTag@,:pserver:anonymous@dev.eclipse.org:/cvsroot/tools,,org.eclipse.ptp/tools/org.eclipse.ptp.remotetools.environment.launcher
plugin@org.eclipse.ptp.remotetools.environment.ui=@ptpTag@,:pserver:anonymous@dev.eclipse.org:/cvsroot/tools,,org.eclipse.ptp/tools/org.eclipse.ptp.remotetools.environment.ui
plugin@org.eclipse.ptp.remotetools.preferences=@ptpTag@,:pserver:anonymous@dev.eclipse.org:/cvsroot/tools,,org.eclipse.ptp/tools/org.eclipse.ptp.remotetools.preferences
plugin@org.eclipse.ptp.remotetools.utils=@ptpTag@,:pserver:anonymous@dev.eclipse.org:/cvsroot/tools,,org.eclipse.ptp/tools/org.eclipse.ptp.remotetools.utils
plugin@org.eclipse.ptp.launch=@ptpTag@,:pserver:anonymous@dev.eclipse.org:/cvsroot/tools,,org.eclipse.ptp/core/org.eclipse.ptp.launch
plugin@org.eclipse.ptp.help=@ptpTag@,:pserver:anonymous@dev.eclipse.org:/cvsroot/tools,,org.eclipse.ptp/doc/org.eclipse.ptp.help
plugin@org.eclipse.ptp.pldt.common=@ptpTag@,:pserver:anonymous@dev.eclipse.org:/cvsroot/tools,,org.eclipse.ptp/tools/org.eclipse.ptp.pldt.common
plugin@org.eclipse.ptp.pldt.help=@ptpTag@,:pserver:anonymous@dev.eclipse.org:/cvsroot/tools,,org.eclipse.ptp/tools/org.eclipse.ptp.pldt.help
plugin@org.eclipse.ptp.pldt.lapi=@ptpTag@,:pserver:anonymous@dev.eclipse.org:/cvsroot/tools,,org.eclipse.ptp/tools/org.eclipse.ptp.pldt.lapi
plugin@org.eclipse.ptp.pldt.mpi.analysis=@ptpTag@,:pserver:anonymous@dev.eclipse.org:/cvsroot/tools,,org.eclipse.ptp/tools/org.eclipse.ptp.pldt.mpi.analysis
plugin@org.eclipse.ptp.pldt.mpi.analysis.cdt=@ptpTag@,:pserver:anonymous@dev.eclipse.org:/cvsroot/tools,,org.eclipse.ptp/tools/org.eclipse.ptp.pldt.mpi.analysis.cdt
plugin@org.eclipse.ptp.pldt.mpi.core=@ptpTag@,:pserver:anonymous@dev.eclipse.org:/cvsroot/tools,,org.eclipse.ptp/tools/org.eclipse.ptp.pldt.mpi.core
plugin@org.eclipse.ptp.pldt.openmp.analysis=@ptpTag@,:pserver:anonymous@dev.eclipse.org:/cvsroot/tools,,org.eclipse.ptp/tools/org.eclipse.ptp.pldt.openmp.analysis
plugin@org.eclipse.ptp.pldt.openmp.core=@ptpTag@,:pserver:anonymous@dev.eclipse.org:/cvsroot/tools,,org.eclipse.ptp/tools/org.eclipse.ptp.pldt.openmp.core
plugin@org.eclipse.ptp.pldt.openmp.ui.pv=@ptpTag@,:pserver:anonymous@dev.eclipse.org:/cvsroot/tools,,org.eclipse.ptp/tools/org.eclipse.ptp.pldt.openmp.ui.pv
plugin@org.eclipse.ptp.pldt.upc=@ptpTag@,:pserver:anonymous@dev.eclipse.org:/cvsroot/tools,,org.eclipse.ptp/tools/org.eclipse.ptp.pldt.upc
plugin@org.eclipse.ptp.pldt.wizards=@ptpTag@,:pserver:anonymous@dev.eclipse.org:/cvsroot/tools,,org.eclipse.ptp/tools/org.eclipse.ptp.pldt.wizards
plugin@org.eclipse.ptp.perf=@ptpTag@,:pserver:anonymous@dev.eclipse.org:/cvsroot/tools,,org.eclipse.ptp/tools/perf/org.eclipse.ptp.perf
plugin@org.eclipse.ptp.perf.tau=@ptpTag@,:pserver:anonymous@dev.eclipse.org:/cvsroot/tools,,org.eclipse.ptp/tools/perf/org.eclipse.ptp.perf.tau
plugin@org.eclipse.ptp.perf.tau.jars=@ptpTag@,:pserver:anonymous@dev.eclipse.org:/cvsroot/tools,,org.eclipse.ptp/tools/perf/org.eclipse.ptp.perf.tau.jars
plugin@org.eclipse.ptp.perf.tau.papiselect=@ptpTag@,:pserver:anonymous@dev.eclipse.org:/cvsroot/tools,,org.eclipse.ptp/tools/perf/org.eclipse.ptp.perf.tau.papiselect
plugin@org.eclipse.ptp.perf.tau.perfdmf=@ptpTag@,:pserver:anonymous@dev.eclipse.org:/cvsroot/tools,,org.eclipse.ptp/tools/perf/org.eclipse.ptp.perf.tau.perfdmf
plugin@org.eclipse.ptp.perf.tau.selinst=@ptpTag@,:pserver:anonymous@dev.eclipse.org:/cvsroot/tools,,org.eclipse.ptp/tools/perf/org.eclipse.ptp.perf.tau.selinst
plugin@org.eclipse.ptp.perf.tau.selinstfort=@ptpTag@,:pserver:anonymous@dev.eclipse.org:/cvsroot/tools,,org.eclipse.ptp/tools/perf/org.eclipse.ptp.perf.tau.selinstfort
plugin@org.eclipse.ptp.perf.toolopts=@ptpTag@,:pserver:anonymous@dev.eclipse.org:/cvsroot/tools,,org.eclipse.ptp/tools/perf/org.eclipse.ptp.perf.toolopts
plugin@org.eclipse.ptp.rdt.core=@ptpTag@,:pserver:anonymous@dev.eclipse.org:/cvsroot/tools,,org.eclipse.ptp/rdt/org.eclipse.ptp.rdt.core
plugin@org.eclipse.ptp.rdt.ui=@ptpTag@,:pserver:anonymous@dev.eclipse.org:/cvsroot/tools,,org.eclipse.ptp/rdt/org.eclipse.ptp.rdt.ui
plugin@org.eclipse.ptp.rdt.services=@ptpTag@,:pserver:anonymous@dev.eclipse.org:/cvsroot/tools,,org.eclipse.ptp/rdt/org.eclipse.ptp.rdt.services

! Fragments
fragment@org.eclipse.ptp.aix.ppc=@ptpTag@,:pserver:anonymous@dev.eclipse.org:/cvsroot/tools,,org.eclipse.ptp/releng/org.eclipse.ptp.aix.ppc
fragment@org.eclipse.ptp.linux.ppc=@ptpTag@,:pserver:anonymous@dev.eclipse.org:/cvsroot/tools,,org.eclipse.ptp/releng/org.eclipse.ptp.linux.ppc
fragment@org.eclipse.ptp.linux.x86=@ptpTag@,:pserver:anonymous@dev.eclipse.org:/cvsroot/tools,,org.eclipse.ptp/releng/org.eclipse.ptp.linux.x86
fragment@org.eclipse.ptp.linux.x86_64=@ptpTag@,:pserver:anonymous@dev.eclipse.org:/cvsroot/tools,,org.eclipse.ptp/releng/org.eclipse.ptp.linux.x86_64
fragment@org.eclipse.ptp.macosx.ppc=@ptpTag@,:pserver:anonymous@dev.eclipse.org:/cvsroot/tools,,org.eclipse.ptp/releng/org.eclipse.ptp.macosx.ppc
fragment@org.eclipse.ptp.macosx.x86=@ptpTag@,:pserver:anonymous@dev.eclipse.org:/cvsroot/tools,,org.eclipse.ptp/releng/org.eclipse.ptp.macosx.x86
fragment@org.eclipse.ptp.perf.parallel=@ptpTag@,:pserver:anonymous@dev.eclipse.org:/cvsroot/tools,,org.eclipse.ptp/tools/perf/org.eclipse.ptp.perf.parallel

! Tests
plugin@org.eclipse.ptp.perf.tau.papitest=@ptpTag@,:pserver:anonymous@dev.eclipse.org:/cvsroot/tools,,org.eclipse.ptp/tools/perf/org.eclipse.ptp.perf.tau.papitest
plugin@org.eclipse.ptp.rdt.core.tests=@ptpTag@,:pserver:anonymous@dev.eclipse.org:/cvsroot/tools,,org.eclipse.ptp/rdt/org.eclipse.ptp.rdt.core.tests

